// Vitest Snapshot v1, https://vitest.dev/guide/snapshot.html

exports[`BookingForm > matches snapshot 1`] = `
<form
  class="w-full"
  data-testid="BookingForm"
  novalidate=""
>
  <p
    class="text-lg font-bold"
  >
    $989.99
    <span
      class="text-sm font-bold"
    >
      / night
    </span>
  </p>
  <div />
  <div
    class="my-2"
    data-headlessui-state=""
  >
    <p
      class="text-sm font-bold"
    >
      Date*
    </p>
    <div
      class="w-full"
    >
      <div
        class="react-datepicker-wrapper w-full"
      >
        <div
          class="react-datepicker__input-container"
        >
          <input
            class="mt-1 block w-full rounded-lg bg-slate-100 px-3 py-2 text-sm/6 data-[focus]:outline-2 data-[focus]:outline-white/25 "
            name="date"
            type="text"
            value="07/18/2024 - 07/18/2024"
          />
          <button
            aria-label="Close"
            class="react-datepicker__close-icon"
            tabindex="-1"
            type="button"
          />
        </div>
      </div>
    </div>
    <span
      hidden=""
      style="position: fixed; top: 1px; left: 1px; width: 1px; height: 0px; padding: 0px; margin: -1px; overflow: hidden; clip: rect(0px, 0px, 0px, 0px); white-space: nowrap; border-width: 0px; display: none;"
    />
  </div>
  <div
    data-headlessui-state=""
  >
    <label
      class="text-sm font-bold"
      data-headlessui-state=""
      for="headlessui-control-:r12:"
      id="headlessui-label-:r13:"
    >
      Guests
    </label>
    <div
      class="relative"
    >
      <select
        aria-labelledby="headlessui-label-:r13:"
        class="mt-3 block w-full appearance-none rounded-lg bg-slate-100 px-3 py-2 focus:outline-none data-[focus]:outline-2 data-[focus]:outline-white/25"
        data-headlessui-state=""
        id="headlessui-control-:r12:"
        name="guests"
      >
        <option
          value="1"
        >
          1
        </option>
        <option
          value="2"
        >
          2
        </option>
        <option
          value="3"
        >
          3
        </option>
        <option
          value="4"
        >
          4
        </option>
        <option
          value="5"
        >
          5
        </option>
        <option
          value="6"
        >
          6
        </option>
      </select>
      <svg
        aria-hidden="true"
        class="group pointer-events-none absolute right-2.5 top-2.5 size-4"
        data-slot="icon"
        fill="currentColor"
        viewBox="0 0 16 16"
        xmlns="http://www.w3.org/2000/svg"
      >
        <path
          clip-rule="evenodd"
          d="M4.22 6.22a.75.75 0 0 1 1.06 0L8 8.94l2.72-2.72a.75.75 0 1 1 1.06 1.06l-3.25 3.25a.75.75 0 0 1-1.06 0L4.22 7.28a.75.75 0 0 1 0-1.06Z"
          fill-rule="evenodd"
        />
      </svg>
    </div>
    <span
      hidden=""
      style="position: fixed; top: 1px; left: 1px; width: 1px; height: 0px; padding: 0px; margin: -1px; overflow: hidden; clip: rect(0px, 0px, 0px, 0px); white-space: nowrap; border-width: 0px; display: none;"
    />
  </div>
  <div
    class="my-2"
    data-headlessui-state=""
  >
    <label
      class="text-sm font-bold"
      data-headlessui-state=""
      for="headlessui-control-:r15:"
      id="headlessui-label-:r16:"
    >
      Note
    </label>
    <textarea
      aria-labelledby="headlessui-label-:r16:"
      class="mt-1 block w-full rounded-lg bg-slate-100 px-3 py-2 text-sm/6 data-[focus]:outline-2 data-[focus]:outline-white/25"
      data-headlessui-state=""
      id="headlessui-control-:r15:"
    >
      my notes
    </textarea>
    <span
      hidden=""
      style="position: fixed; top: 1px; left: 1px; width: 1px; height: 0px; padding: 0px; margin: -1px; overflow: hidden; clip: rect(0px, 0px, 0px, 0px); white-space: nowrap; border-width: 0px; display: none;"
    />
  </div>
  <button
    class="rounded-full w-full bg-blue-700 px-4 py-2 text-white data-[active]:bg-blue-700 data-[disabled]:bg-gray-500 data-[hover]:bg-blue-800"
    data-headlessui-state=""
    data-testid="BookingForm.bookBtn"
    type="submit"
  >
    Book now
  </button>
</form>
`;
